
   ____    __
  / __/___/ /  ___
 / _// __/ _ \/ _ \
/___/\__/_//_/\___/ v4.13.4
High performance, minimalist Go web framework
https://echo.labstack.com
____________________________________O/_______
                                    O\
⇨ http server started on [::]:8080
2025-12-03T11:16:32+03:30 ERROR partojshid  Internal error: EOF → EOF
{"time":"2025-12-03T11:16:32+03:30","id":"IfjGxbtfielmDFrEXQAnQEypUroStKOz","remote_ip":"::1","method":"POST","uri":"/api/auth/login","status":400,"error":"code=400, message=EOF, internal=EOF"}
{"time":"2025-12-03T11:16:32.5504039+03:30","id":"IfjGxbtfielmDFrEXQAnQEypUroStKOz","remote_ip":"::1","host":"localhost:8080","method":"POST","uri":"/api/auth/login","user_agent":"PostmanRuntime/7.49.1","status":400,"error":"","latency":105984900,"latency_human":"105.9849ms","bytes_in":55,"bytes_out":274}

   ____    __
  / __/___/ /  ___
 / _// __/ _ \/ _ \
/___/\__/_//_/\___/ v4.13.4
High performance, minimalist Go web framework
https://echo.labstack.com
____________________________________O/_______
                                    O\
⇨ http server started on [::]:8080
2025-12-03T11:20:03+03:30 ERROR partojshid  Internal error: EOF → EOF
{"time":"2025-12-03T11:20:03+03:30","id":"KMgqNxIbJfXQonKqoIFKueCylGTHhMte","remote_ip":"::1","method":"POST","uri":"/api/auth/login","status":400,"error":"code=400, message=EOF, internal=EOF"}
{"time":"2025-12-03T11:20:03.1117596+03:30","id":"KMgqNxIbJfXQonKqoIFKueCylGTHhMte","remote_ip":"::1","host":"localhost:8080","method":"POST","uri":"/api/auth/login","user_agent":"PostmanRuntime/7.49.1","status":400,"error":"","latency":113791700,"latency_human":"113.7917ms","bytes_in":55,"bytes_out":274}

   ____    __
  / __/___/ /  ___
 / _// __/ _ \/ _ \
/___/\__/_//_/\___/ v4.13.4
High performance, minimalist Go web framework
https://echo.labstack.com
____________________________________O/_______
                                    O\
⇨ http server started on [::]:8080
2025-12-03T11:22:30+03:30 ERROR partojshid  Internal error: EOF → EOF
{"time":"2025-12-03T11:22:30+03:30","id":"MTigDRhaivCeYGypvDDbWvWBQYlMeDMW","remote_ip":"::1","method":"POST","uri":"/api/auth/login","status":400,"error":"code=400, message=EOF, internal=EOF"}
{"time":"2025-12-03T11:22:30.3545291+03:30","id":"MTigDRhaivCeYGypvDDbWvWBQYlMeDMW","remote_ip":"::1","host":"localhost:8080","method":"POST","uri":"/api/auth/login","user_agent":"PostmanRuntime/7.49.1","status":400,"error":"","latency":82521500,"latency_human":"82.5215ms","bytes_in":55,"bytes_out":274}
